--------------------------------------------------------------------------
WARNING: There was an error initializing an OpenFabrics device.

  Local host:   r2n48
  Local device: mlx5_0
--------------------------------------------------------------------------
[r2n48.npad.internal:22765] 1 more process has sent help message help-mpi-btl-openib.txt / error in device init
[r2n48.npad.internal:22765] Set MCA parameter "orte_base_help_aggregate" to 0 to see all help / error messages
--------------------------------------------------------------------------
WARNING: There was an error initializing an OpenFabrics device.

  Local host:   r2n49
  Local device: mlx5_0
--------------------------------------------------------------------------
[r2n48.npad.internal:22782] 1 more process has sent help message help-mpi-btl-openib.txt / error in device init
[r2n48.npad.internal:22782] Set MCA parameter "orte_base_help_aggregate" to 0 to see all help / error messages
--------------------------------------------------------------------------
WARNING: There was an error initializing an OpenFabrics device.

  Local host:   r2n49
  Local device: mlx5_0
--------------------------------------------------------------------------
[r2n48.npad.internal:22796] 1 more process has sent help message help-mpi-btl-openib.txt / error in device init
[r2n48.npad.internal:22796] Set MCA parameter "orte_base_help_aggregate" to 0 to see all help / error messages
