Lmod has detected the following error: The following module(s) are unknown:
"mpi/mpich-x86_64"

Please check the spelling or version number. Also try "module spider ..."
It is also possible your cache file is out-of-date; it may help to try:
  $ module --ignore_cache load "mpi/mpich-x86_64"

Also make sure that all modulefiles written in TCL start with the string
#%Module



--------------------------------------------------------------------------
WARNING: There was an error initializing an OpenFabrics device.

  Local host:   r2n05
  Local device: mlx5_0
--------------------------------------------------------------------------
--------------------------------------------------------------------------
WARNING: There was an error initializing an OpenFabrics device.

  Local host:   r2n05
  Local device: mlx5_0
--------------------------------------------------------------------------
[r2n05.npad.internal:1399623] 1 more process has sent help message help-mpi-btl-openib.txt / error in device init
[r2n05.npad.internal:1399623] Set MCA parameter "orte_base_help_aggregate" to 0 to see all help / error messages
--------------------------------------------------------------------------
WARNING: There was an error initializing an OpenFabrics device.

  Local host:   r2n05
  Local device: mlx5_0
--------------------------------------------------------------------------
[r2n05.npad.internal:1399635] 3 more processes have sent help message help-mpi-btl-openib.txt / error in device init
[r2n05.npad.internal:1399635] Set MCA parameter "orte_base_help_aggregate" to 0 to see all help / error messages
--------------------------------------------------------------------------
WARNING: There was an error initializing an OpenFabrics device.

  Local host:   r2n05
  Local device: mlx5_0
--------------------------------------------------------------------------
[r2n05.npad.internal:1399656] 7 more processes have sent help message help-mpi-btl-openib.txt / error in device init
[r2n05.npad.internal:1399656] Set MCA parameter "orte_base_help_aggregate" to 0 to see all help / error messages
--------------------------------------------------------------------------
WARNING: There was an error initializing an OpenFabrics device.

  Local host:   r2n05
  Local device: mlx5_0
--------------------------------------------------------------------------
[r2n05.npad.internal:1399692] 15 more processes have sent help message help-mpi-btl-openib.txt / error in device init
[r2n05.npad.internal:1399692] Set MCA parameter "orte_base_help_aggregate" to 0 to see all help / error messages
--------------------------------------------------------------------------
There are not enough slots available in the system to satisfy the 32
slots that were requested by the application:

  ./multMxV

Either request fewer slots for your application, or make more slots
available for use.

A "slot" is the Open MPI term for an allocatable unit where we can
launch a process.  The number of slots available are defined by the
environment in which Open MPI processes are run:

  1. Hostfile, via "slots=N" clauses (N defaults to number of
     processor cores if not provided)
  2. The --host command line parameter, via a ":N" suffix on the
     hostname (N defaults to 1 if not provided)
  3. Resource manager (e.g., SLURM, PBS/Torque, LSF, etc.)
  4. If none of a hostfile, the --host command line parameter, or an
     RM is present, Open MPI defaults to the number of processor cores

In all the above cases, if you want Open MPI to default to the number
of hardware threads instead of the number of processor cores, use the
--use-hwthread-cpus option.

Alternatively, you can use the --oversubscribe option to ignore the
number of available slots when deciding the number of processes to
launch.
--------------------------------------------------------------------------
